<?xml version="1.0" encoding="utf-8"?><testsuites name="pytest tests"><testsuite name="pytest" errors="0" failures="0" skipped="0" tests="7" time="0.980" timestamp="2025-11-08T13:08:31.380414+03:30" hostname="DESKTOP-B9H9OEV"><testcase classname="tests.test_lambda_unit" name="test_handler_writes_ddb" time="0.002" /><testcase classname="tests.test_positive" name="test_upload_file_successful" time="0.250" /><testcase classname="tests.test_presign_unit" name="test_generate_presigned_put_calls_boto3_with_sse" time="0.001" /><testcase classname="tests.test_s3_upload" name="test_upload_file" time="0.148" /><testcase classname="tests.test_sanity" name="test_sanity" time="0.000" /><testcase classname="tests.test_sqs_processor_unit" name="test_process_record_puts_item_on_first_call" time="0.001" /><testcase classname="tests.test_sqs_processor_unit" name="test_process_record_idempotent_skip" time="0.001" /></testsuite></testsuites>